Sending test request to /api/official-outline with large payload...
Status Code: 200
Response Data:
{"cache_analytics":{"cached_tokens":0,"status":"FALLBACK_ADAPTIVE","total_tokens":0},"success":true,"titles":[{"bullets":[],"requires_image":true,"title":"\u063a\u0644\u0627\u0641 \u0627\u0644\u0645\u0634\u0631\u0648\u0639","type":"cover"},{"bullets":[],"requires_image":false,"title":"\u0641\u0647\u0631\u0633 \u0627\u0644\u0645\u062d\u062a\u0648\u064a\u0627\u062a","type":"index"},{"bullets":[],"requires_image":false,"title":"\u0627\u0644\u0645\u0644\u062e\u0635 \u0627\u0644\u062a\u0646\u0641\u064a\u0630\u064a \u0644\u0645\u0634\u0631\u0648\u0639 \u0645\u0634\u0631\u0648\u0639 \u062a\u062c\u0631\u064a\u0628\u064a \u0643\u0628\u064a\u0631","type":"content"},{"bullets":[],"requires_image":false,"title":"\u0641\u0643\u0631\u0629 \u062a\u062c\u0627\u0631\u064a \u0648\u0647\u064a\u0643\u0644\u062a\u0647 \u0627\u0644\u0627\u0633\u062a\u062b\u0645\u0627\u0631\u064a\u0629","type":"content"},{"bullets":[],"requires_image":false,"title":"\u062a\u062d\u0644\u064a\u0644 \u0627\u0644\u0637\u0644\u0628 \u0648\u0627\u0644\u0633\u0648\u0642 \u0627\u0644\u0645\u0633\u062a\u0647\u062f\u0641 \u0644\u0640 \u0645\u0634\u0631\u0648\u0639 \u062a\u062c\u0631\u064a\u0628\u064a \u0643\u0628\u064a\u0631","type":"content"},{"bullets":[],"requires_image":false,"title":"\u0627\u0633\u062a\u0631\u0627\u062a\u064a\u062c\u064a\u0629 \u0627\u0644\u062a\u0634\u063a\u064a\u0644 \u0648\u0627\u0644\u062a\u0623\u062c\u064a\u0631","type":"content"},{"bullets":[],"requires_image":false,"title":"\u0641\u0631\u0635 \u0627\u0644\u0646\u0645\u0648 \u0648\u062a\u0639\u0638\u064a\u0645 \u0627\u0644\u0642\u064a\u0645\u0629","type":"content"},{"bullets":[],"requires_image":false,"title":"\u0645\u0644\u062e\u0635 \u0627\u0644\u0642\u0631\u0627\u0631 \u0627\u0644\u0627\u0633\u062a\u062b\u0645\u0627\u0631\u064a","type":"content"},{"bullets":[],"requires_image":false,"title":"\u0627\u0644\u0645\u0648\u062f \u0628\u0648\u0631\u062f","type":"mood_board"},{"bullets":[],"requires_image":false,"title":"\u0627\u0644\u062e\u062a\u0627\u0645 \u0648\u0628\u064a\u0627\u0646\u0627\u062a \u0627\u0644\u062a\u0648\u0627\u0635\u0644","type":"closing"}],"totalSlides":16}

